=== System Info ===
Total RAM:     251.54 GB
Available RAM: 242.11 GB
Used RAM:      9.43 GB (3.7%)
CPU cores (physical/logical): 32 / 64
Disk Total: 254.74 GB, Disk Free: 152.06 GB
OS: Linux-5.15.0-153-generic-x86_64-with-glibc2.35
Python version: 3.10.19
PySpark version: 4.0.1
Setting Spark driver & executor memory to 193 GB
Aggregating and transforming features...
---- Starting feature aggregation and transformation ----
root
 |-- processed_EventTemplate: string (nullable = true)
 |-- Node_block_id: string (nullable = true)
 |-- Timestamp: timestamp (nullable = true)
 |-- Label: string (nullable = true)
 |-- Temp_label: integer (nullable = true)
 |-- sentiment_label: string (nullable = true)
 |-- Dominant_Topic: double (nullable = true)
 |-- year: integer (nullable = true)
 |-- month: integer (nullable = true)
 |-- day: integer (nullable = true)
 |-- hour: integer (nullable = true)
 |-- minute: integer (nullable = true)
 |-- second: integer (nullable = true)
 |-- Character_Count: integer (nullable = true)
 |-- num_words: integer (nullable = true)
 |-- entropy: double (nullable = true)
 |-- reduced_embedding: array (nullable = true)
 |    |-- element: float (containsNull = true)

Columns: ['processed_EventTemplate', 'Node_block_id', 'Timestamp', 'Label', 'Temp_label', 'sentiment_label', 'Dominant_Topic', 'year', 'month', 'day', 'hour', 'minute', 'second', 'Character_Count', 'num_words', 'entropy', 'reduced_embedding']
root
 |-- sentiment_label: string (nullable = true)

 preparing the numeric array ----
preparing  full vector by concating 
root
 |-- processed_EventTemplate: string (nullable = true)
 |-- Node_block_id: string (nullable = true)
 |-- Timestamp: timestamp (nullable = true)
 |-- Label: string (nullable = true)
 |-- Temp_label: integer (nullable = true)
 |-- sentiment_label: string (nullable = true)
 |-- Dominant_Topic: double (nullable = true)
 |-- year: integer (nullable = true)
 |-- month: integer (nullable = true)
 |-- day: integer (nullable = true)
 |-- hour: integer (nullable = true)
 |-- minute: integer (nullable = true)
 |-- second: integer (nullable = true)
 |-- Character_Count: integer (nullable = true)
 |-- num_words: integer (nullable = true)
 |-- entropy: double (nullable = true)
 |-- reduced_embedding: array (nullable = true)
 |    |-- element: float (containsNull = true)
 |-- sentiment_label_indexed: integer (nullable = false)
 |-- numeric_array: array (nullable = false)
 |    |-- element: double (containsNull = true)
 |-- features_array: array (nullable = true)
 |    |-- element: double (containsNull = true)
 |-- features: vector (nullable = true)

xxxx-------------------
+----------+-------+
|Temp_label|  count|
+----------+-------+
|         0|3267524|
|       888|3351248|
|       777|1118071|
|       999|3438786|
+----------+-------+

+-------+--------+
|  Label|   count|
+-------+--------+
| Normal|10887379|
|Anomaly|  288250|
+-------+--------+

root
 |-- Node_block_id: string (nullable = true)
 |-- features: array (nullable = true)
 |    |-- element: float (containsNull = true)
 |-- Label: string (nullable = false)
 |-- Temp_label: integer (nullable = false)

Feature aggregation completed successfully
# 3️⃣ Apply RobustScaler-------
✅ StandardScaler applied successfully
scaling done finally -------
['Node_block_id', 'features', 'Label', 'Temp_label', 'features_vec', 'features_vec_final']
Shuffle Spill during aggregation: 0.00 GB
aggregation and transform completed in 0.86 minutes
Preparing training and evaluation datasets...
Performing novelty detection and establishing labels...
root
 |-- Node_block_id: string (nullable = true)
 |-- features: array (nullable = true)
 |    |-- element: float (containsNull = true)
 |-- Label: string (nullable = false)
 |-- Temp_label: integer (nullable = false)
 |-- features_vec: vector (nullable = true)
 |-- features_vec_final: vector (nullable = true)

+-------+------+
|  Label| count|
+-------+------+
| normal|558223|
|anomaly| 16838|
+-------+------+

+----------+------+
|Temp_label| count|
+----------+------+
|         0|167511|
|       999|177525|
|       888|230025|
+----------+------+


🚀 Starting novelty detection using method = GMM
info labe  ..........................................
+-----+------+
|Label| count|
+-----+------+
|    0|167511|
+-----+------+

+-----+------+
|Label| count|
+-----+------+
|    0|167512|
|    1| 10013|
+-----+------+

+-----+------+
|Label| count|
+-----+------+
|    0|223200|
|    1|  6825|
+-----+------+

[INFO] Testing PCA with k=10
[INFO] PCA k=10, cumulative explained variance = 0.999981
[SELECTED] First k reaching target variance: 10
[RESULT] Selected PCA components (best_k): 10
[INFO] PCA p_knee≈0.9998, using p=0.9798, threshold=0.169885
[INFO] GMM(k=10) p_knee≈1.0000, using p=0.9800, threshold=0.012845
