=== System Info ===
Total RAM:     251.54 GB
Available RAM: 242.02 GB
Used RAM:      9.52 GB (3.8%)
CPU cores (physical/logical): 32 / 64
Disk Total: 254.74 GB, Disk Free: 150.98 GB
OS: Linux-5.15.0-153-generic-x86_64-with-glibc2.35
Python version: 3.10.19
PySpark version: 4.0.1
Setting Spark driver & executor memory to 193 GB
Aggregating and transforming features...
---- Starting feature aggregation and transformation ----
root
 |-- processed_EventTemplate: string (nullable = true)
 |-- Node_block_id: string (nullable = true)
 |-- Timestamp: timestamp (nullable = true)
 |-- Label: string (nullable = true)
 |-- Temp_label: integer (nullable = true)
 |-- sentiment_label: string (nullable = true)
 |-- Dominant_Topic: double (nullable = true)
 |-- year: integer (nullable = true)
 |-- month: integer (nullable = true)
 |-- day: integer (nullable = true)
 |-- hour: integer (nullable = true)
 |-- minute: integer (nullable = true)
 |-- second: integer (nullable = true)
 |-- Character_Count: integer (nullable = true)
 |-- num_words: integer (nullable = true)
 |-- entropy: double (nullable = true)
 |-- reduced_embedding: array (nullable = true)
 |    |-- element: float (containsNull = true)

Columns: ['processed_EventTemplate', 'Node_block_id', 'Timestamp', 'Label', 'Temp_label', 'sentiment_label', 'Dominant_Topic', 'year', 'month', 'day', 'hour', 'minute', 'second', 'Character_Count', 'num_words', 'entropy', 'reduced_embedding']
root
 |-- sentiment_label: string (nullable = true)

 preparing the numeric array ----
preparing  full vector by concating 
root
 |-- processed_EventTemplate: string (nullable = true)
 |-- Node_block_id: string (nullable = true)
 |-- Timestamp: timestamp (nullable = true)
 |-- Label: string (nullable = true)
 |-- Temp_label: integer (nullable = true)
 |-- sentiment_label: string (nullable = true)
 |-- Dominant_Topic: double (nullable = true)
 |-- year: integer (nullable = true)
 |-- month: integer (nullable = true)
 |-- day: integer (nullable = true)
 |-- hour: integer (nullable = true)
 |-- minute: integer (nullable = true)
 |-- second: integer (nullable = true)
 |-- Character_Count: integer (nullable = true)
 |-- num_words: integer (nullable = true)
 |-- entropy: double (nullable = true)
 |-- reduced_embedding: array (nullable = true)
 |    |-- element: float (containsNull = true)
 |-- sentiment_label_indexed: integer (nullable = false)
 |-- numeric_array: array (nullable = false)
 |    |-- element: double (containsNull = true)
 |-- features_array: array (nullable = true)
 |    |-- element: double (containsNull = true)
 |-- features: vector (nullable = true)

xxxx-------------------
+----------+-------+
|Temp_label|  count|
+----------+-------+
|         0| 685186|
|       888| 914979|
|       777| 183496|
|       999|2856152|
+----------+-------+

+-------+-------+
|  Label|  count|
+-------+-------+
| Normal|2062908|
|Anomaly|2576905|
+-------+-------+

root
 |-- Node_block_id: string (nullable = true)
 |-- features: array (nullable = true)
 |    |-- element: float (containsNull = true)
 |-- Label: string (nullable = false)
 |-- Temp_label: integer (nullable = false)

Feature aggregation completed successfully
# 3️⃣ Apply RobustScaler-------
✅ StandardScaler applied successfully
scaling done finally -------
['Node_block_id', 'features', 'Label', 'Temp_label', 'features_vec', 'features_vec_final']
Shuffle Spill during aggregation: 0.00 GB
aggregation and transform completed in 0.71 minutes
Preparing training and evaluation datasets...
Performing novelty detection and establishing labels...
root
 |-- Node_block_id: string (nullable = true)
 |-- features: array (nullable = true)
 |    |-- element: float (containsNull = true)
 |-- Label: string (nullable = false)
 |-- Temp_label: integer (nullable = false)
 |-- features_vec: vector (nullable = true)
 |-- features_vec_final: vector (nullable = true)

+-------+-----+
|  Label|count|
+-------+-----+
| normal|48652|
|anomaly|36274|
+-------+-----+

+----------+-----+
|Temp_label|count|
+----------+-----+
|         0|10868|
|       999|40087|
|       888|25479|
|       777| 8492|
+----------+-----+


🚀 Starting novelty detection using method = GMM
info label  ..........................................
+-----+-----+
|Label|count|
+-----+-----+
|    0|10868|
+-----+-----+

+-----+-----+
|Label|count|
+-----+-----+
|    0|10869|
|    1|29218|
+-----+-----+

+-----+-----+
|Label|count|
+-----+-----+
|    0|18461|
|    1| 7018|
+-----+-----+

+-----+-----+
|Label|count|
+-----+-----+
|    0| 8454|
|    1|   38|
+-----+-----+


🧠 Using PCA + GMM for novelty detection (updated/stable) ...
[INFO] Testing PCA with k=10
[INFO] PCA k=10, cumulative explained variance = 0.928937
[INFO] Testing PCA with k=20
[INFO] PCA k=20, cumulative explained variance = 0.989566
[INFO] Testing PCA with k=40
[INFO] PCA k=40, cumulative explained variance = 0.999883
[SELECTED] First k reaching target variance: 40
[RESULT] Selected PCA components (best_k): 40
[PCA] thr=0.503325, holdout FPR=0.012727
[GMM] k=2, BIC=-4896.678975555338
[GMM] k=4, BIC=-510869.29734157864
[GMM] k=6, BIC=-544847.1978603761
[GMM] k=8, BIC=-794177.829696326
[GMM] k=10, BIC=-816158.1700472591
[GMM] Selected k=10 by BIC.
[GMM-NLL] thr=44.725822, holdout FPR=0.010000

[HOLDOUT NORMAL FPR] (lower is better)
  PCA-only       : fpr=0.012727
  GMM-only       : fpr=0.010000
  Combined(AND)  : fpr=0.005455
  Combined(OR)   : fpr=0.017273

[UNSUPERVISED SCORE (separation * stability / FPR)]
  PCA          : sep=7.6655,  stab=0.0000, fpr=0.012727, score=0.000000
  GMM          : sep=14.2543,  stab=0.0000, fpr=0.010000, score=0.000000
  Combined(AND): sep=14.2625, stab=0.0000, fpr=0.005455, score=0.000000
  Combined(OR) : sep=14.2625, stab=0.0000,  fpr=0.017273,  score=0.000000

[SELECTED] Best method: gmm
