=== System Info ===
Total RAM:     251.54 GB
Available RAM: 242.18 GB
Used RAM:      9.36 GB (3.7%)
CPU cores (physical/logical): 32 / 64
Disk Total: 254.74 GB, Disk Free: 152.93 GB
OS: Linux-5.15.0-153-generic-x86_64-with-glibc2.35
Python version: 3.10.19
PySpark version: 4.0.1
Setting Spark driver & executor memory to 193 GB
✅ Loaded CSV into Spark DataFrame
Splitting dataset into training, validation, and test sets...
[INFO] Preparing dataset 'SP_150MB'...
root
 |-- Timestamp: timestamp (nullable = true)
 |-- Date: string (nullable = true)
 |-- Time: timestamp (nullable = true)
 |-- Content: string (nullable = true)
 |-- EventId: string (nullable = true)
 |-- EventTemplate: string (nullable = true)
 |-- processed_EventTemplate: string (nullable = true)
 |-- Original_Label: string (nullable = true)
 |-- Node_block_id: string (nullable = true)
 |-- Label: string (nullable = true)

[INFO] Row count: 1225059
[INFO] DataFrame cleaned. Null 'Content' rows removed.
root
 |-- Timestamp: timestamp (nullable = true)
 |-- Date: string (nullable = true)
 |-- Time: timestamp (nullable = true)
 |-- Content: string (nullable = true)
 |-- EventId: string (nullable = true)
 |-- EventTemplate: string (nullable = true)
 |-- processed_EventTemplate: string (nullable = true)
 |-- Original_Label: string (nullable = true)
 |-- Node_block_id: string (nullable = true)
 |-- Label: string (nullable = true)

[INFO] Total rows after cleanup: 1225059
root
 |-- Timestamp: string (nullable = true)
 |-- Date: string (nullable = true)
 |-- Time: timestamp (nullable = true)
 |-- Content: string (nullable = true)
 |-- Original_Label: string (nullable = true)
 |-- EventId: string (nullable = true)
 |-- EventTemplate: string (nullable = true)
 |-- processed_EventTemplate: string (nullable = true)
 |-- Node_block_id: string (nullable = true)
 |-- Label: string (nullable = true)

[INFO] Dataset timestamps standardized and sorted.
[CHECK] Intersection train_val: set()
[CHECK] Intersection train_test: set()
[CHECK] Intersection val_test: set()
[INFO] No overlaps found between train, validation, and test sets.
[INFO] Dataset split complete. Sizes -> Train: 734738, Validation: 123245, Test: 367076
 Normal seq Train : 3443
 Anomaly seq Train : 2859
 Normal seq Test : 1697
 Anomaly seq Test : 1455
Train count: 734738
Validation count: 123245
Test count: 367076
root
 |-- Node_block_id: string (nullable = true)
 |-- Timestamp: string (nullable = true)
 |-- Date: string (nullable = true)
 |-- Time: timestamp (nullable = true)
 |-- Content: string (nullable = true)
 |-- Original_Label: string (nullable = true)
 |-- EventId: string (nullable = true)
 |-- EventTemplate: string (nullable = true)
 |-- processed_EventTemplate: string (nullable = true)
 |-- Label: string (nullable = true)
 |-- Type_ds: string (nullable = true)

[INFO] Total unique normal Node_block_ids: 3443
[INFO] Total unique anomaly Node_block_ids: 2859
root
 |-- Node_block_id: string (nullable = true)
 |-- Timestamp: string (nullable = true)
 |-- Date: string (nullable = true)
 |-- Time: timestamp (nullable = true)
 |-- Content: string (nullable = true)
 |-- Original_Label: string (nullable = true)
 |-- EventId: string (nullable = true)
 |-- EventTemplate: string (nullable = true)
 |-- processed_EventTemplate: string (nullable = true)
 |-- Label: string (nullable = true)
 |-- Type_ds: string (nullable = true)
 |-- Temp_label: integer (nullable = false)

Extracting features for training and test datasets...
[INFO] DataFrame schema and sample:
root
 |-- Node_block_id: string (nullable = true)
 |-- Timestamp: string (nullable = true)
 |-- Date: string (nullable = true)
 |-- Time: timestamp (nullable = true)
 |-- Content: string (nullable = true)
 |-- Original_Label: string (nullable = true)
 |-- EventId: string (nullable = true)
 |-- EventTemplate: string (nullable = true)
 |-- processed_EventTemplate: string (nullable = true)
 |-- Label: string (nullable = true)
 |-- Type_ds: string (nullable = true)
 |-- Temp_label: integer (nullable = false)

✅ Rows with processed_EventTemplate notnull: 1222442
✅ Rows with processed_EventTemplate null: 2617
[INFO] DataFrame after preparation:
root
 |-- Node_block_id: string (nullable = true)
 |-- Timestamp: string (nullable = true)
 |-- Date: string (nullable = true)
 |-- Time: timestamp (nullable = true)
 |-- Content: string (nullable = true)
 |-- Original_Label: string (nullable = true)
 |-- EventId: string (nullable = true)
 |-- EventTemplate: string (nullable = true)
 |-- processed_EventTemplate: string (nullable = true)
 |-- Label: string (nullable = true)
 |-- Type_ds: string (nullable = true)
 |-- Temp_label: integer (nullable = false)

[INFO] Starting sentiment analysis feature extraction...
Spark version: 4.0.1
Spark version: 4.0.1
root
 |-- processed_EventTemplate: string (nullable = true)
 |-- sentiment_label: string (nullable = true)

root
 |-- Node_block_id: string (nullable = true)
 |-- Timestamp: string (nullable = true)
 |-- Date: string (nullable = true)
 |-- Time: timestamp (nullable = true)
 |-- Content: string (nullable = true)
 |-- Original_Label: string (nullable = true)
 |-- EventId: string (nullable = true)
 |-- EventTemplate: string (nullable = true)
 |-- processed_EventTemplate: string (nullable = true)
 |-- Label: string (nullable = true)
 |-- Type_ds: string (nullable = true)
 |-- Temp_label: integer (nullable = false)

Total rows: 1222442, Rows with sentiment: 1222442
root
 |-- processed_EventTemplate: string (nullable = true)
 |-- Node_block_id: string (nullable = true)
 |-- Timestamp: string (nullable = true)
 |-- Date: string (nullable = true)
 |-- Time: timestamp (nullable = true)
 |-- Content: string (nullable = true)
 |-- Original_Label: string (nullable = true)
 |-- EventId: string (nullable = true)
 |-- EventTemplate: string (nullable = true)
 |-- Label: string (nullable = true)
 |-- Type_ds: string (nullable = true)
 |-- Temp_label: integer (nullable = false)
 |-- sentiment_label: string (nullable = true)

✅ sentiment  saved successfully to SP_150MB_sentiment_df.parquet
root
 |-- processed_EventTemplate: string (nullable = true)
 |-- Node_block_id: string (nullable = true)
 |-- Timestamp: string (nullable = true)
 |-- Date: string (nullable = true)
 |-- Time: timestamp (nullable = true)
 |-- Content: string (nullable = true)
 |-- Original_Label: string (nullable = true)
 |-- EventId: string (nullable = true)
 |-- EventTemplate: string (nullable = true)
 |-- Label: string (nullable = true)
 |-- Type_ds: string (nullable = true)
 |-- Temp_label: integer (nullable = false)
 |-- sentiment_label: string (nullable = true)

[INFO] Starting topic modeling feature extraction...
root
 |-- processed_EventTemplate: string (nullable = true)
 |-- Node_block_id: string (nullable = true)
 |-- Timestamp: string (nullable = true)
 |-- Date: string (nullable = true)
 |-- Time: timestamp (nullable = true)
 |-- Content: string (nullable = true)
 |-- Original_Label: string (nullable = true)
 |-- EventId: string (nullable = true)
 |-- EventTemplate: string (nullable = true)
 |-- Label: string (nullable = true)
 |-- Type_ds: string (nullable = true)
 |-- Temp_label: integer (nullable = true)
 |-- sentiment_label: string (nullable = true)

✅ Loaded DataFrame schema:
[STATUS] Starting Spark-native topic modeling...
[INFO] k=2, logLikelihood=-5128875.020740474, perplexity=5.31060616582138
[INFO] k=3, logLikelihood=-4867267.431357221, perplexity=5.039729049185421
[INFO] k=5, logLikelihood=-4481871.871496235, perplexity=4.640677789756907
[INFO] k=7, logLikelihood=-4251303.922435155, perplexity=4.4019401393027575
[INFO] k=9, logLikelihood=-4091660.675295159, perplexity=4.236640261812077
[INFO] k=13, logLikelihood=-3853725.716327214, perplexity=3.9902745665962875
[INFO] k=15, logLikelihood=-3751240.4058538037, perplexity=3.8841578997823563
[RESULT] Best k = 15
[SUCCESS] Final dataframe with Sentiment + Topics created!
Total rows: 1222442, Rows with Dominant_Topic : 1222442
✅ Topic_sentiment_df.parquet  saved successfully to SP_150MB_Topic_sentiment_df.parquet
root
 |-- processed_EventTemplate: string (nullable = true)
 |-- Node_block_id: string (nullable = true)
 |-- Timestamp: string (nullable = true)
 |-- Date: string (nullable = true)
 |-- Time: timestamp (nullable = true)
 |-- Content: string (nullable = true)
 |-- Original_Label: string (nullable = true)
 |-- EventId: string (nullable = true)
 |-- EventTemplate: string (nullable = true)
 |-- Label: string (nullable = true)
 |-- Type_ds: string (nullable = true)
 |-- Temp_label: integer (nullable = true)
 |-- sentiment_label: string (nullable = true)
 |-- Dominant_Topic: double (nullable = false)
 |-- T_0: double (nullable = true)
 |-- T_1: double (nullable = true)
 |-- T_2: double (nullable = true)
 |-- T_3: double (nullable = true)
 |-- T_4: double (nullable = true)
 |-- T_5: double (nullable = true)
 |-- T_6: double (nullable = true)
 |-- T_7: double (nullable = true)
 |-- T_8: double (nullable = true)
 |-- T_9: double (nullable = true)
 |-- T_10: double (nullable = true)
 |-- T_11: double (nullable = true)
 |-- T_12: double (nullable = true)
 |-- T_13: double (nullable = true)
 |-- T_14: double (nullable = true)

root
 |-- processed_EventTemplate: string (nullable = true)
 |-- Node_block_id: string (nullable = true)
 |-- Timestamp: string (nullable = true)
 |-- Date: string (nullable = true)
 |-- Time: timestamp (nullable = true)
 |-- Content: string (nullable = true)
 |-- Original_Label: string (nullable = true)
 |-- EventId: string (nullable = true)
 |-- EventTemplate: string (nullable = true)
 |-- Label: string (nullable = true)
 |-- Type_ds: string (nullable = true)
 |-- Temp_label: integer (nullable = true)
 |-- sentiment_label: string (nullable = true)
 |-- Dominant_Topic: double (nullable = false)
 |-- T_0: double (nullable = true)
 |-- T_1: double (nullable = true)
 |-- T_2: double (nullable = true)
 |-- T_3: double (nullable = true)
 |-- T_4: double (nullable = true)
 |-- T_5: double (nullable = true)
 |-- T_6: double (nullable = true)
 |-- T_7: double (nullable = true)
 |-- T_8: double (nullable = true)
 |-- T_9: double (nullable = true)
 |-- T_10: double (nullable = true)
 |-- T_11: double (nullable = true)
 |-- T_12: double (nullable = true)
 |-- T_13: double (nullable = true)
 |-- T_14: double (nullable = true)

[INFO] Extracting additional features (temporal, statistical, entropy)...
[STATUS] Calculating text statistical features...
root
 |-- processed_EventTemplate: string (nullable = true)
 |-- Node_block_id: string (nullable = true)
 |-- Timestamp: timestamp (nullable = true)
 |-- Content: string (nullable = true)
 |-- Original_Label: string (nullable = true)
 |-- EventId: string (nullable = true)
 |-- EventTemplate: string (nullable = true)
 |-- Label: string (nullable = true)
 |-- Type_ds: string (nullable = true)
 |-- Temp_label: integer (nullable = true)
 |-- sentiment_label: string (nullable = true)
 |-- Dominant_Topic: double (nullable = true)
 |-- T_0: double (nullable = true)
 |-- T_1: double (nullable = true)
 |-- T_2: double (nullable = true)
 |-- T_3: double (nullable = true)
 |-- T_4: double (nullable = true)
 |-- T_5: double (nullable = true)
 |-- T_6: double (nullable = true)
 |-- T_7: double (nullable = true)
 |-- T_8: double (nullable = true)
 |-- T_9: double (nullable = true)
 |-- T_10: double (nullable = true)
 |-- T_11: double (nullable = true)
 |-- T_12: double (nullable = true)
 |-- T_13: double (nullable = true)
 |-- T_14: double (nullable = true)
 |-- year: integer (nullable = true)
 |-- month: integer (nullable = true)
 |-- day: integer (nullable = true)
 |-- hour: integer (nullable = true)
 |-- minute: integer (nullable = true)
 |-- second: integer (nullable = true)
 |-- num_words: integer (nullable = true)
 |-- Character_Count: integer (nullable = true)

[INFO] Topic columns: ['T_0', 'T_1', 'T_2', 'T_3', 'T_4', 'T_5', 'T_6', 'T_7', 'T_8', 'T_9', 'T_10', 'T_11', 'T_12', 'T_13', 'T_14']
root
 |-- processed_EventTemplate: string (nullable = true)
 |-- Node_block_id: string (nullable = true)
 |-- Timestamp: timestamp (nullable = true)
 |-- Content: string (nullable = true)
 |-- Original_Label: string (nullable = true)
 |-- EventId: string (nullable = true)
 |-- EventTemplate: string (nullable = true)
 |-- Label: string (nullable = true)
 |-- Type_ds: string (nullable = true)
 |-- Temp_label: integer (nullable = true)
 |-- sentiment_label: string (nullable = true)
 |-- Dominant_Topic: double (nullable = true)
 |-- T_0: double (nullable = true)
 |-- T_1: double (nullable = true)
 |-- T_2: double (nullable = true)
 |-- T_3: double (nullable = true)
 |-- T_4: double (nullable = true)
 |-- T_5: double (nullable = true)
 |-- T_6: double (nullable = true)
 |-- T_7: double (nullable = true)
 |-- T_8: double (nullable = true)
 |-- T_9: double (nullable = true)
 |-- T_10: double (nullable = true)
 |-- T_11: double (nullable = true)
 |-- T_12: double (nullable = true)
 |-- T_13: double (nullable = true)
 |-- T_14: double (nullable = true)
 |-- year: integer (nullable = true)
 |-- month: integer (nullable = true)
 |-- day: integer (nullable = true)
 |-- hour: integer (nullable = true)
 |-- minute: integer (nullable = true)
 |-- second: integer (nullable = true)
 |-- num_words: integer (nullable = true)
 |-- Character_Count: integer (nullable = true)

root
 |-- processed_EventTemplate: string (nullable = true)
 |-- Node_block_id: string (nullable = true)
 |-- Timestamp: timestamp (nullable = true)
 |-- Label: string (nullable = true)
 |-- Temp_label: integer (nullable = true)
 |-- sentiment_label: string (nullable = true)
 |-- Dominant_Topic: double (nullable = true)
 |-- year: integer (nullable = true)
 |-- month: integer (nullable = true)
 |-- day: integer (nullable = true)
 |-- hour: integer (nullable = true)
 |-- minute: integer (nullable = true)
 |-- second: integer (nullable = true)
 |-- Character_Count: integer (nullable = true)
 |-- num_words: integer (nullable = true)

root
 |-- processed_EventTemplate: string (nullable = true)
 |-- Node_block_id: string (nullable = true)
 |-- entropy: double (nullable = true)

[SUCCESS] Final dataframe with Entropy 
Total rows: 1222442, Rows with entropy : 1222442
✅ sentiment_topic_diff  saved successfully to SP_150MB_Topic_sentiment_diff_df.parquet
root
 |-- processed_EventTemplate: string (nullable = true)
 |-- Node_block_id: string (nullable = true)
 |-- Timestamp: timestamp (nullable = true)
 |-- Label: string (nullable = true)
 |-- Temp_label: integer (nullable = true)
 |-- sentiment_label: string (nullable = true)
 |-- Dominant_Topic: double (nullable = true)
 |-- year: integer (nullable = true)
 |-- month: integer (nullable = true)
 |-- day: integer (nullable = true)
 |-- hour: integer (nullable = true)
 |-- minute: integer (nullable = true)
 |-- second: integer (nullable = true)
 |-- Character_Count: integer (nullable = true)
 |-- num_words: integer (nullable = true)
 |-- entropy: double (nullable = true)

root
 |-- processed_EventTemplate: string (nullable = true)
 |-- Node_block_id: string (nullable = true)
 |-- Timestamp: timestamp (nullable = true)
 |-- Label: string (nullable = true)
 |-- Temp_label: integer (nullable = true)
 |-- sentiment_label: string (nullable = true)
 |-- Dominant_Topic: double (nullable = true)
 |-- year: integer (nullable = true)
 |-- month: integer (nullable = true)
 |-- day: integer (nullable = true)
 |-- hour: integer (nullable = true)
 |-- minute: integer (nullable = true)
 |-- second: integer (nullable = true)
 |-- Character_Count: integer (nullable = true)
 |-- num_words: integer (nullable = true)
 |-- entropy: double (nullable = true)

[INFO] Starting semantic feature extraction using BERT embeddings...
[INFO] Unique templates: 751
[INFO] Unique blocks: 67053
[INFO] Sample size for PCA tuning: 630
[INFO] Testing PCA with k=10
[INFO] PCA k=10, explained variance=0.5468
[INFO] Testing PCA with k=20
[INFO] PCA k=20, explained variance=0.6844
[INFO] Testing PCA with k=40
[INFO] PCA k=40, explained variance=0.8162
[INFO] Testing PCA with k=50
[INFO] PCA k=50, explained variance=0.8522
[RESULT] Selected PCA components (best_k): 50
