=== System Info ===
Total RAM:     251.54 GB
Available RAM: 242.19 GB
Used RAM:      9.35 GB (3.7%)
CPU cores (physical/logical): 32 / 64
Disk Total: 254.74 GB, Disk Free: 152.76 GB
OS: Linux-5.15.0-153-generic-x86_64-with-glibc2.35
Python version: 3.10.19
PySpark version: 4.0.1
Setting Spark driver & executor memory to 193 GB
Aggregating and transforming features...
---- Starting feature aggregation and transformation ----
root
 |-- processed_EventTemplate: string (nullable = true)
 |-- Node_block_id: string (nullable = true)
 |-- Timestamp: timestamp (nullable = true)
 |-- Label: string (nullable = true)
 |-- Temp_label: integer (nullable = true)
 |-- sentiment_label: string (nullable = true)
 |-- Dominant_Topic: double (nullable = true)
 |-- year: integer (nullable = true)
 |-- month: integer (nullable = true)
 |-- day: integer (nullable = true)
 |-- hour: integer (nullable = true)
 |-- minute: integer (nullable = true)
 |-- second: integer (nullable = true)
 |-- Character_Count: integer (nullable = true)
 |-- num_words: integer (nullable = true)
 |-- entropy: double (nullable = true)
 |-- reduced_embedding: array (nullable = true)
 |    |-- element: float (containsNull = true)

Columns: ['processed_EventTemplate', 'Node_block_id', 'Timestamp', 'Label', 'Temp_label', 'sentiment_label', 'Dominant_Topic', 'year', 'month', 'day', 'hour', 'minute', 'second', 'Character_Count', 'num_words', 'entropy', 'reduced_embedding']
root
 |-- sentiment_label: string (nullable = true)

 preparing the numeric array ----
preparing  full vector by concating 
root
 |-- processed_EventTemplate: string (nullable = true)
 |-- Node_block_id: string (nullable = true)
 |-- Timestamp: timestamp (nullable = true)
 |-- Label: string (nullable = true)
 |-- Temp_label: integer (nullable = true)
 |-- sentiment_label: string (nullable = true)
 |-- Dominant_Topic: double (nullable = true)
 |-- year: integer (nullable = true)
 |-- month: integer (nullable = true)
 |-- day: integer (nullable = true)
 |-- hour: integer (nullable = true)
 |-- minute: integer (nullable = true)
 |-- second: integer (nullable = true)
 |-- Character_Count: integer (nullable = true)
 |-- num_words: integer (nullable = true)
 |-- entropy: double (nullable = true)
 |-- reduced_embedding: array (nullable = true)
 |    |-- element: float (containsNull = true)
 |-- sentiment_label_indexed: integer (nullable = false)
 |-- numeric_array: array (nullable = false)
 |    |-- element: double (containsNull = true)
 |-- features_array: array (nullable = true)
 |    |-- element: double (containsNull = true)
 |-- features: vector (nullable = true)

xxxx-------------------
+----------+-------+
|Temp_label|  count|
+----------+-------+
|         0| 887222|
|       888|1392100|
|       777| 468382|
|       999|1892109|
+----------+-------+

+-------+-------+
|  Label|  count|
+-------+-------+
| Normal|2062908|
|Anomaly|2576905|
+-------+-------+

root
 |-- Node_block_id: string (nullable = true)
 |-- features: array (nullable = true)
 |    |-- element: float (containsNull = true)
 |-- Label: string (nullable = false)
 |-- Temp_label: integer (nullable = false)

Feature aggregation completed successfully
# 3️⃣ Apply RobustScaler-------
✅ StandardScaler applied successfully
scaling done finally -------
['Node_block_id', 'features', 'Label', 'Temp_label', 'features_vec', 'features_vec_final']
Shuffle Spill during aggregation: 0.00 GB
aggregation and transform completed in 0.63 minutes
Preparing training and evaluation datasets...
Performing novelty detection and establishing labels...
root
 |-- Node_block_id: string (nullable = true)
 |-- features: array (nullable = true)
 |    |-- element: float (containsNull = true)
 |-- Label: string (nullable = false)
 |-- Temp_label: integer (nullable = false)
 |-- features_vec: vector (nullable = true)
 |-- features_vec_final: vector (nullable = true)

+-------+-----+
|  Label|count|
+-------+-----+
| normal|48652|
|anomaly|36274|
+-------+-----+

+----------+-----+
|Temp_label|count|
+----------+-----+
|         0|14616|
|       999|36339|
|       888|33971|
+----------+-----+


🚀 Starting novelty detection using method = GMM
info labe for nayef ..........................................
+-----+-----+
|Label|count|
+-----+-----+
|    0|14616|
+-----+-----+

+-----+-----+
|Label|count|
+-----+-----+
|    0|14616|
|    1|21723|
+-----+-----+

+-----+-----+
|Label|count|
+-----+-----+
|    0|19420|
|    1|14551|
+-----+-----+


☁️ Using Gaussian Mixture Model (semi-supervised) ...
🔍 Testing GMM: k=2, maxIter=5
🔍 Testing GMM: k=2, maxIter=10
🔍 Testing GMM: k=2, maxIter=50
🔍 Testing GMM: k=2, maxIter=100
🔍 Testing GMM: k=2, maxIter=150

✅ Optimal GMM parameters: k=2, maxIter=10
   Best mean log-likelihood: 0.500000
Classification_report only for pseudo-code label for unlabeled data
              precision    recall  f1-score   support

           0      0.000     0.000     0.000     14616
           1      0.598     1.000     0.748     21723

    accuracy                          0.598     36339
   macro avg      0.299     0.500     0.374     36339
weighted avg      0.357     0.598     0.447     36339

root
 |-- Node_block_id: string (nullable = true)
 |-- features: array (nullable = true)
 |    |-- element: float (containsNull = true)
 |-- Label: integer (nullable = true)
 |-- Temp_label: integer (nullable = false)
 |-- features_vec: vector (nullable = true)
 |-- features_vec_final: vector (nullable = true)
 |-- Final_Label: integer (nullable = true)
 |-- probability: vector (nullable = true)
 |-- gmm_pred: integer (nullable = true)
 |-- prob_array: array (nullable = true)
 |    |-- element: double (containsNull = false)
 |-- anomaly_score: double (nullable = true)

root
 |-- Node_block_id: string (nullable = true)
 |-- features: array (nullable = true)
 |    |-- element: float (containsNull = true)
 |-- Label: integer (nullable = true)
 |-- Temp_label: integer (nullable = false)
 |-- features_vec: vector (nullable = true)
 |-- features_vec_final: vector (nullable = true)
 |-- Final_Label: integer (nullable = true)

root
 |-- Node_block_id: string (nullable = true)
 |-- features: array (nullable = true)
 |    |-- element: float (containsNull = true)
 |-- Label: integer (nullable = true)
 |-- Temp_label: integer (nullable = false)
 |-- features_vec: vector (nullable = true)
 |-- features_vec_final: vector (nullable = true)
 |-- Final_Label: integer (nullable = true)

Classification_report full training data
              precision    recall  f1-score   support

           0      1.000     0.500     0.667     29232
           1      0.598     1.000     0.748     21723

    accuracy                          0.713     50955
   macro avg      0.799     0.750     0.707     50955
weighted avg      0.829     0.713     0.701     50955


✅ Novelty detection (GMM) completed successfully.
Shuffle Spill during Novelty: 0.00 GB
Model Novelty and label estimating completed in 1.69 minutes
Novel was done .....
Running anomaly detection on test dataset...
Class weights: {0: 1.743123973727422, 1: 0.7011062494840254}
TRAIN COLS: ['features', 'label', 'class_weight']
🔥 Optimal threshold: 0.10 | F1: 0.0000
Shuffle Spill during AD: 0.00 GB
Model anomaly train completed in 1.57 minutes
0.8068852663040161
0.0020174821217854816

📊 Evaluation Results
--------------------
TP: 14548  FP: 14515
FN: 3  TN: 4905
Precision : 0.5006
Recall    : 0.9998
F1-score  : 0.6671
Accuracy  : 0.5726

📊 Final Test Metrics
--------------------
Precision : 0.5006
Recall    : 0.9998
F1-score  : 0.6671
Accuracy  : 0.5726
TP: 14548, FP: 14515, FN: 3, TN: 4905
0.8068852663040161
0.0020174821217854816
